// Jest Snapshot v1, https://goo.gl/fbAQLP

exports[`Tick should match snapshot 1`] = `
<div
  className="tick"
>
  <span
    className="time-label"
  >
    10:00
  </span>
  <span
    className="time-mark"
  >
    AM
  </span>
</div>
`;
