// Jest Snapshot v1, https://goo.gl/fbAQLP

exports[`Calendar should match snapshot 1`] = `
<div
  className="calendar"
>
  <TimeScale />
  <EventsLayout />
</div>
`;
